***********************************************************************************
*                                                                                 *
*  PPPPPPPPPPPP    L               U           U   M           M         A        *
*  P           P   L               U           U   MM         MM        A A       *
*  P           P   L               U           U   M M       M M       A   A      *
*  P           P   L               U           U   M  M     M  M      A     A     *
*  P           P   L               U           U   M   M   M   M     A       A    *
*  PPPPPPPPPPPP    L               U           U   M    M M    M    A         A   *
*  P               L               U           U   M     M     M   AAAAAAAAAAAAA  *
*  P               L               U           U   M           M   A           A  *
*  P               L               U           U   M           M   A           A  *
*  P               LLLLLLLLLLLLL    UUUUUUUUUUU    M           M   A           A  *
*                                                                                 *
*            [Plu]gin-based [M]icrobiome [A]nalysis (formerly MiAMi)              *
* (C) 2016, 2018 Bioinformatics Research Group, Florida International University  *
*    Under MIT License From Open Source Initiative (OSI), All Rights Reserved.    *
*                                                                                 *
*    Any professionally published work using PluMA should cite the following:     *
*                        T. Cickovski and G. Narasimhan.                          *
*                Constructing Lightweight and Flexible Pipelines                  *
*                 Using Plugin-Based Microbiome Analysis (PluMA)                  *
*                     Bioinformatics 34(17):2881-2888, 2018                       *
*                                                                                 *
***********************************************************************************
[PluMA] Running Plugin: PanGeT
/disk/delphi/users/tcickovs/PluMA
PanGET			
Input path= plugins/PanGeT/example/SAMPLE/Sample_inputfiles/nucleotide/	Output path=plugins/PanGeT/example/SAMPLE/Sample_outputfiles	H value=0.42	Evalue=1e-5	Thread=4

you have taken: NC_000915 as reference strain 


CDS FILE CREATED

 Reference genome =NC_000915
Warning: [blastn] Examining 5 or more matches is recommended
1 blast over
Warning: [blastn] Examining 5 or more matches is recommended
2 blast over
Warning: [blastn] Examining 5 or more matches is recommended
3 blast over

 Reference genome =NC_000921
Warning: [blastn] Examining 5 or more matches is recommended
1 blast over
Warning: [blastn] Examining 5 or more matches is recommended
2 blast over
Warning: [blastn] Examining 5 or more matches is recommended
3 blast over

 Reference genome =NC_008086
Warning: [blastn] Examining 5 or more matches is recommended
1 blast over
Warning: [blastn] Examining 5 or more matches is recommended
2 blast over
Warning: [blastn] Examining 5 or more matches is recommended
3 blast over

 Reference genome =NC_010698
Warning: [blastn] Examining 5 or more matches is recommended
1 blast over
Warning: [blastn] Examining 5 or more matches is recommended
2 blast over
Warning: [blastn] Examining 5 or more matches is recommended
3 blast over
NC_000915_NC_000921
NC_000915_NC_008086
NC_000915_NC_010698
core genes identified
writing conserved gene files
writing conserved gene files
writing conserved gene files
writing conserved gene files
writing conserved gene files
writing conserved gene files
writing conserved gene files
writing conserved gene files
writing conserved gene files
writing conserved gene files
writing conserved gene files
writing conserved gene files
writing conserved gene files
writing conserved gene files
writing conserved gene files
writing conserved gene files
writing conserved gene files
writing conserved gene files
writing conserved gene files
writing conserved gene files
writing conserved gene files
writing conserved gene files
writing conserved gene files
writing conserved gene files
writing conserved gene files
writing conserved gene files
writing conserved gene files
writing conserved gene files
writing conserved gene files
writing conserved gene files
writing conserved gene files
writing conserved gene files
writing conserved gene files
writing conserved gene files
writing conserved gene files
writing conserved gene files
writing conserved gene files
writing conserved gene files
writing conserved gene files
writing conserved gene files
writing conserved gene files
writing conserved gene files
writing conserved gene files
writing conserved gene files
writing conserved gene files
writing conserved gene files
writing conserved gene files
writing conserved gene files
writing conserved gene files
writing conserved gene files
writing conserved gene files
writing conserved gene files
writing conserved gene files
writing conserved gene files
writing conserved gene files
writing conserved gene files
writing conserved gene files
writing conserved gene files
writing conserved gene files
writing conserved gene files
writing conserved gene files
writing conserved gene files
writing conserved gene files
writing conserved gene files
writing conserved gene files
writing conserved gene files
writing conserved gene files
writing conserved gene files
writing conserved gene files
writing conserved gene files
writing conserved gene files
writing conserved gene files
writing conserved gene files
writing conserved gene files
writing conserved gene files
writing conserved gene files
writing conserved gene files
writing conserved gene files
writing conserved gene files
writing conserved gene files
writing conserved gene files
writing conserved gene files
writing conserved gene files
writing conserved gene files
writing conserved gene files
writing conserved gene files
writing conserved gene files
writing conserved gene files
writing conserved gene files
writing conserved gene files
writing conserved gene files
writing conserved gene files
writing conserved gene files
writing conserved gene files
writing conserved gene files
writing conserved gene files
writing conserved gene files
writing conserved gene files
writing conserved gene files
writing conserved gene files
writing conserved gene files
writing conserved gene files
writing conserved gene files
writing conserved gene files
writing conserved gene files
writing conserved gene files
writing conserved gene files
writing conserved gene files
writing conserved gene files
writing conserved gene files
writing conserved gene files
writing conserved gene files
writing conserved gene files
writing conserved gene files
writing conserved gene files
writing conserved gene files
writing conserved gene files
writing conserved gene files
writing conserved gene files
writing conserved gene files
writing conserved gene files
writing conserved gene files
writing conserved gene files
writing conserved gene files
writing conserved gene files
writing conserved gene files
writing conserved gene files
writing conserved gene files
writing conserved gene files
writing conserved gene files
writing conserved gene files
writing conserved gene files
writing conserved gene files
writing conserved gene files
writing conserved gene files
writing conserved gene files
writing conserved gene files
writing conserved gene files
writing conserved gene files
writing conserved gene files
writing conserved gene files
writing conserved gene files
writing conserved gene files
writing conserved gene files
writing conserved gene files
writing conserved gene files
writing conserved gene files
writing conserved gene files
writing conserved gene files
writing conserved gene files
writing conserved gene files
writing conserved gene files
writing conserved gene files
writing conserved gene files
writing conserved gene files
writing conserved gene files
writing conserved gene files
writing conserved gene files
writing conserved gene files
writing conserved gene files
writing conserved gene files
writing conserved gene files
writing conserved gene files
writing conserved gene files
writing conserved gene files
writing conserved gene files
writing conserved gene files
writing conserved gene files
writing conserved gene files
writing conserved gene files
writing conserved gene files
writing conserved gene files
writing conserved gene files
writing conserved gene files
writing conserved gene files
writing conserved gene files
writing conserved gene files
writing conserved gene files
writing conserved gene files
writing conserved gene files
writing conserved gene files
writing conserved gene files
writing conserved gene files
writing conserved gene files
writing conserved gene files
writing conserved gene files
writing conserved gene files
writing conserved gene files
writing conserved gene files
writing conserved gene files
writing conserved gene files
writing conserved gene files
writing conserved gene files
writing conserved gene files
writing conserved gene files
writing conserved gene files
writing conserved gene files
writing conserved gene files
writing conserved gene files
writing conserved gene files
writing conserved gene files
writing conserved gene files
writing conserved gene files
writing conserved gene files
writing conserved gene files
writing conserved gene files
writing conserved gene files
writing conserved gene files
writing conserved gene files
writing conserved gene files
writing conserved gene files
writing conserved gene files
writing conserved gene files
writing conserved gene files
writing conserved gene files
writing conserved gene files
writing conserved gene files
writing conserved gene files
writing conserved gene files
writing conserved gene files
writing conserved gene files
writing conserved gene files
writing conserved gene files
writing conserved gene files
writing conserved gene files
writing conserved gene files
writing conserved gene files
writing conserved gene files
writing conserved gene files
writing conserved gene files
writing conserved gene files
writing conserved gene files
writing conserved gene files
writing conserved gene files
writing conserved gene files
writing conserved gene files
writing conserved gene files
writing conserved gene files
writing conserved gene files
writing conserved gene files
writing conserved gene files
writing conserved gene files
writing conserved gene files
writing conserved gene files
writing conserved gene files
writing conserved gene files
writing conserved gene files
writing conserved gene files
writing conserved gene files
writing conserved gene files
writing conserved gene files
writing conserved gene files
writing conserved gene files
writing conserved gene files
writing conserved gene files
writing conserved gene files
writing conserved gene files
writing conserved gene files
writing conserved gene files
writing conserved gene files
writing conserved gene files
writing conserved gene files
writing conserved gene files
writing conserved gene files
writing conserved gene files
writing conserved gene files
writing conserved gene files
writing conserved gene files
writing conserved gene files
writing conserved gene files
writing conserved gene files
writing conserved gene files
writing conserved gene files
writing conserved gene files
writing conserved gene files
writing conserved gene files
writing conserved gene files
writing conserved gene files
writing conserved gene files
writing conserved gene files
writing conserved gene files
writing conserved gene files
writing conserved gene files
writing conserved gene files
writing conserved gene files
writing conserved gene files
writing conserved gene files
writing conserved gene files
writing conserved gene files
writing conserved gene files
writing conserved gene files
writing conserved gene files
writing conserved gene files
writing conserved gene files
writing conserved gene files
writing conserved gene files
writing conserved gene files
writing conserved gene files
writing conserved gene files
writing conserved gene files
writing conserved gene files
writing conserved gene files
writing conserved gene files
writing conserved gene files
writing conserved gene files
writing conserved gene files
writing conserved gene files
writing conserved gene files
writing conserved gene files
writing conserved gene files
writing conserved gene files
writing conserved gene files
writing conserved gene files
writing conserved gene files
writing conserved gene files
writing conserved gene files
writing conserved gene files
writing conserved gene files
writing conserved gene files
writing conserved gene files
writing conserved gene files
writing conserved gene files
writing conserved gene files
writing conserved gene files
writing conserved gene files
writing conserved gene files
writing conserved gene files
writing conserved gene files
writing conserved gene files
writing conserved gene files
writing conserved gene files
writing conserved gene files
writing conserved gene files
writing conserved gene files
writing conserved gene files
writing conserved gene files
writing conserved gene files
writing conserved gene files
writing conserved gene files
writing conserved gene files
writing conserved gene files
writing conserved gene files
writing conserved gene files
writing conserved gene files
writing conserved gene files
writing conserved gene files
writing conserved gene files
writing conserved gene files
writing conserved gene files
writing conserved gene files
writing conserved gene files
writing conserved gene files
writing conserved gene files
writing conserved gene files
writing conserved gene files
writing conserved gene files
writing conserved gene files
writing conserved gene files
writing conserved gene files
writing conserved gene files
writing conserved gene files
writing conserved gene files
writing conserved gene files
writing conserved gene files
writing conserved gene files
writing conserved gene files
writing conserved gene files
writing conserved gene files
writing conserved gene files
writing conserved gene files
writing conserved gene files
writing conserved gene files
writing conserved gene files
writing conserved gene files
writing conserved gene files
writing conserved gene files
writing conserved gene files
writing conserved gene files
writing conserved gene files
writing conserved gene files
writing conserved gene files
writing conserved gene files
writing conserved gene files
writing conserved gene files
writing conserved gene files
writing conserved gene files
writing conserved gene files
writing conserved gene files
writing conserved gene files
writing conserved gene files
writing conserved gene files
writing conserved gene files
writing conserved gene files
writing conserved gene files
writing conserved gene files
writing conserved gene files
writing conserved gene files
writing conserved gene files
writing conserved gene files
writing conserved gene files
writing conserved gene files
writing conserved gene files
writing conserved gene files
writing conserved gene files
writing conserved gene files
writing conserved gene files
writing conserved gene files
writing conserved gene files
writing conserved gene files
writing conserved gene files
writing conserved gene files
writing conserved gene files
writing conserved gene files
writing conserved gene files
writing conserved gene files
writing conserved gene files
writing conserved gene files
writing conserved gene files
writing conserved gene files
writing conserved gene files
writing conserved gene files
writing conserved gene files
writing conserved gene files
writing conserved gene files
writing conserved gene files
writing conserved gene files
writing conserved gene files
writing conserved gene files
writing conserved gene files
writing conserved gene files
writing conserved gene files
writing conserved gene files
writing conserved gene files
writing conserved gene files
writing conserved gene files
writing conserved gene files
writing conserved gene files
writing conserved gene files
writing conserved gene files
writing conserved gene files
writing conserved gene files
writing conserved gene files
writing conserved gene files
writing conserved gene files
writing conserved gene files
writing conserved gene files
writing conserved gene files
writing conserved gene files
writing conserved gene files
writing conserved gene files
writing conserved gene files
writing conserved gene files
writing conserved gene files
writing conserved gene files
writing conserved gene files
writing conserved gene files
writing conserved gene files
writing conserved gene files
writing conserved gene files
writing conserved gene files
writing conserved gene files
writing conserved gene files
writing conserved gene files
writing conserved gene files
writing conserved gene files
writing conserved gene files
writing conserved gene files
writing conserved gene files
writing conserved gene files
writing conserved gene files
writing conserved gene files
writing conserved gene files
writing conserved gene files
writing conserved gene files
writing conserved gene files
writing conserved gene files
writing conserved gene files
writing conserved gene files
writing conserved gene files
writing conserved gene files
writing conserved gene files
writing conserved gene files
writing conserved gene files
writing conserved gene files
writing conserved gene files
writing conserved gene files
writing conserved gene files
writing conserved gene files
writing conserved gene files
writing conserved gene files
writing conserved gene files
writing conserved gene files
writing conserved gene files
writing conserved gene files
writing conserved gene files
writing conserved gene files
writing conserved gene files
writing conserved gene files
writing conserved gene files
writing conserved gene files
writing conserved gene files
writing conserved gene files
writing conserved gene files
writing conserved gene files
writing conserved gene files
writing conserved gene files
writing conserved gene files
writing conserved gene files
writing conserved gene files
writing conserved gene files
writing conserved gene files
writing conserved gene files
writing conserved gene files
writing conserved gene files
writing conserved gene files
writing conserved gene files
writing conserved gene files
writing conserved gene files
writing conserved gene files
writing conserved gene files
writing conserved gene files
writing conserved gene files
writing conserved gene files
writing conserved gene files
writing conserved gene files
writing conserved gene files
writing conserved gene files
writing conserved gene files
writing conserved gene files
writing conserved gene files
writing conserved gene files
writing conserved gene files
writing conserved gene files
writing conserved gene files
writing conserved gene files
writing conserved gene files
writing conserved gene files
writing conserved gene files
writing conserved gene files
writing conserved gene files
writing conserved gene files
writing conserved gene files
writing conserved gene files
writing conserved gene files
writing conserved gene files
writing conserved gene files
writing conserved gene files
writing conserved gene files
writing conserved gene files
writing conserved gene files
writing conserved gene files
writing conserved gene files
writing conserved gene files
writing conserved gene files
writing conserved gene files
writing conserved gene files
writing conserved gene files
writing conserved gene files
writing conserved gene files
writing conserved gene files
writing conserved gene files
writing conserved gene files
writing conserved gene files
writing conserved gene files
writing conserved gene files
writing conserved gene files
writing conserved gene files
writing conserved gene files
writing conserved gene files
writing conserved gene files
writing conserved gene files
writing conserved gene files
writing conserved gene files
writing conserved gene files
writing conserved gene files
writing conserved gene files
writing conserved gene files
writing conserved gene files
writing conserved gene files
writing conserved gene files
writing conserved gene files
writing conserved gene files
writing conserved gene files
writing conserved gene files
writing conserved gene files
writing conserved gene files
writing conserved gene files
writing conserved gene files
writing conserved gene files
writing conserved gene files
writing conserved gene files
writing conserved gene files
writing conserved gene files
writing conserved gene files
writing conserved gene files
writing conserved gene files
writing conserved gene files
writing conserved gene files
writing conserved gene files
writing conserved gene files
writing conserved gene files
writing conserved gene files
writing conserved gene files
writing conserved gene files
writing conserved gene files
writing conserved gene files
writing conserved gene files
writing conserved gene files
writing conserved gene files
writing conserved gene files
writing conserved gene files
writing conserved gene files
writing conserved gene files
writing conserved gene files
writing conserved gene files
writing conserved gene files
writing conserved gene files
writing conserved gene files
writing conserved gene files
writing conserved gene files
writing conserved gene files
writing conserved gene files
writing conserved gene files
writing conserved gene files
writing conserved gene files
writing conserved gene files
writing conserved gene files
writing conserved gene files
writing conserved gene files
writing conserved gene files
writing conserved gene files
writing conserved gene files
writing conserved gene files
writing conserved gene files
writing conserved gene files
writing conserved gene files
writing conserved gene files
writing conserved gene files
writing conserved gene files
writing conserved gene files
writing conserved gene files
writing conserved gene files
writing conserved gene files
writing conserved gene files
writing conserved gene files
writing conserved gene files
writing conserved gene files
writing conserved gene files
writing conserved gene files
writing conserved gene files
writing conserved gene files
writing conserved gene files
writing conserved gene files
writing conserved gene files
writing conserved gene files
writing conserved gene files
writing conserved gene files
writing conserved gene files
writing conserved gene files
writing conserved gene files
writing conserved gene files
writing conserved gene files
writing conserved gene files
writing conserved gene files
writing conserved gene files
writing conserved gene files
writing conserved gene files
writing conserved gene files
writing conserved gene files
writing conserved gene files
writing conserved gene files
writing conserved gene files
writing conserved gene files
writing conserved gene files
writing conserved gene files
writing conserved gene files
writing conserved gene files
writing conserved gene files
writing conserved gene files
writing conserved gene files
writing conserved gene files
writing conserved gene files
writing conserved gene files
writing conserved gene files
writing conserved gene files
writing conserved gene files
writing conserved gene files
writing conserved gene files
writing conserved gene files
writing conserved gene files
writing conserved gene files
writing conserved gene files
writing conserved gene files
writing conserved gene files
writing conserved gene files
writing conserved gene files
writing conserved gene files
writing conserved gene files
writing conserved gene files
writing conserved gene files
writing conserved gene files
writing conserved gene files
writing conserved gene files
writing conserved gene files
writing conserved gene files
writing conserved gene files
writing conserved gene files
writing conserved gene files
writing conserved gene files
writing conserved gene files
writing conserved gene files
writing conserved gene files
writing conserved gene files
writing conserved gene files
writing conserved gene files
writing conserved gene files
writing conserved gene files
writing conserved gene files
writing conserved gene files
writing conserved gene files
writing conserved gene files
writing conserved gene files
writing conserved gene files
writing conserved gene files
writing conserved gene files
writing conserved gene files
writing conserved gene files
writing conserved gene files
writing conserved gene files
writing conserved gene files
writing conserved gene files
writing conserved gene files
writing conserved gene files
writing conserved gene files
writing conserved gene files
writing conserved gene files
writing conserved gene files
writing conserved gene files
writing conserved gene files
writing conserved gene files
writing conserved gene files
writing conserved gene files
writing conserved gene files
writing conserved gene files
writing conserved gene files
writing conserved gene files
writing conserved gene files
writing conserved gene files
writing conserved gene files
writing conserved gene files
writing conserved gene files
writing conserved gene files
writing conserved gene files
writing conserved gene files
writing conserved gene files
writing conserved gene files
writing conserved gene files
writing conserved gene files
writing conserved gene files
writing conserved gene files
writing conserved gene files
writing conserved gene files
writing conserved gene files
writing conserved gene files
writing conserved gene files
writing conserved gene files
writing conserved gene files
writing conserved gene files
writing conserved gene files
writing conserved gene files
writing conserved gene files
writing conserved gene files
writing conserved gene files
writing conserved gene files
writing conserved gene files
writing conserved gene files
writing conserved gene files
writing conserved gene files
writing conserved gene files
writing conserved gene files
writing conserved gene files
writing conserved gene files
writing conserved gene files
writing conserved gene files
writing conserved gene files
writing conserved gene files
writing conserved gene files
writing conserved gene files
writing conserved gene files
writing conserved gene files
writing conserved gene files
writing conserved gene files
writing conserved gene files
writing conserved gene files
writing conserved gene files
writing conserved gene files
writing conserved gene files
writing conserved gene files
writing conserved gene files
writing conserved gene files
writing conserved gene files
writing conserved gene files
writing conserved gene files
writing conserved gene files
writing conserved gene files
writing conserved gene files
writing conserved gene files
writing conserved gene files
writing conserved gene files
writing conserved gene files
writing conserved gene files
writing conserved gene files
writing conserved gene files
writing conserved gene files
writing conserved gene files
writing conserved gene files
writing conserved gene files
writing conserved gene files
writing conserved gene files
writing conserved gene files
writing conserved gene files
writing conserved gene files
writing conserved gene files
writing conserved gene files
writing conserved gene files
writing conserved gene files
writing conserved gene files
writing conserved gene files
writing conserved gene files
writing conserved gene files
writing conserved gene files
writing conserved gene files
writing conserved gene files
writing conserved gene files
writing conserved gene files
writing conserved gene files
writing conserved gene files
writing conserved gene files
writing conserved gene files
writing conserved gene files
writing conserved gene files
writing conserved gene files
writing conserved gene files
writing conserved gene files
writing conserved gene files
writing conserved gene files
writing conserved gene files
writing conserved gene files
writing conserved gene files
writing conserved gene files
writing conserved gene files
writing conserved gene files
writing conserved gene files
writing conserved gene files
writing conserved gene files
writing conserved gene files
writing conserved gene files
writing conserved gene files
writing conserved gene files
writing conserved gene files
writing conserved gene files
writing conserved gene files
writing conserved gene files
writing conserved gene files
writing conserved gene files
writing conserved gene files
writing conserved gene files
writing conserved gene files
writing conserved gene files
writing conserved gene files
writing conserved gene files
writing conserved gene files
writing conserved gene files
writing conserved gene files
writing conserved gene files
writing conserved gene files
writing conserved gene files
writing conserved gene files
writing conserved gene files
writing conserved gene files
writing conserved gene files
writing conserved gene files
writing conserved gene files
writing conserved gene files
writing conserved gene files
writing conserved gene files
writing conserved gene files
writing conserved gene files
writing conserved gene files
writing conserved gene files
writing conserved gene files
writing conserved gene files
writing conserved gene files
writing conserved gene files
writing conserved gene files
writing conserved gene files
writing conserved gene files
writing conserved gene files
writing conserved gene files
writing conserved gene files
writing conserved gene files
writing conserved gene files
writing conserved gene files
writing conserved gene files
writing conserved gene files
writing conserved gene files
writing conserved gene files
writing conserved gene files
writing conserved gene files
writing conserved gene files
writing conserved gene files
writing conserved gene files
writing conserved gene files
writing conserved gene files
writing conserved gene files
writing conserved gene files
writing conserved gene files
writing conserved gene files
writing conserved gene files
writing conserved gene files
writing conserved gene files
writing conserved gene files
writing conserved gene files
writing conserved gene files
writing conserved gene files
writing conserved gene files
writing conserved gene files
writing conserved gene files
writing conserved gene files
writing conserved gene files
writing conserved gene files
writing conserved gene files
writing conserved gene files
writing conserved gene files
writing conserved gene files
writing conserved gene files
writing conserved gene files
writing conserved gene files
writing conserved gene files
writing conserved gene files
writing conserved gene files
writing conserved gene files
writing conserved gene files
writing conserved gene files
writing conserved gene files
writing conserved gene files
writing conserved gene files
writing conserved gene files
writing conserved gene files
writing conserved gene files
writing conserved gene files
writing conserved gene files
writing conserved gene files
writing conserved gene files
writing conserved gene files
writing conserved gene files
writing conserved gene files
writing conserved gene files
writing conserved gene files
writing conserved gene files
writing conserved gene files
writing conserved gene files
writing conserved gene files
writing conserved gene files
writing conserved gene files
writing conserved gene files
writing conserved gene files
writing conserved gene files
writing conserved gene files
writing conserved gene files
writing conserved gene files
writing conserved gene files
writing conserved gene files
writing conserved gene files
writing conserved gene files
writing conserved gene files
writing conserved gene files
writing conserved gene files
writing conserved gene files
writing conserved gene files
writing conserved gene files
writing conserved gene files
writing conserved gene files
writing conserved gene files
writing conserved gene files
writing conserved gene files
writing conserved gene files
writing conserved gene files
writing conserved gene files
writing conserved gene files
writing conserved gene files
writing conserved gene files
writing conserved gene files
writing conserved gene files
writing conserved gene files
writing conserved gene files
writing conserved gene files
writing conserved gene files
writing conserved gene files
writing conserved gene files
writing conserved gene files
writing conserved gene files
writing conserved gene files
writing conserved gene files
writing conserved gene files
writing conserved gene files
writing conserved gene files
writing conserved gene files
writing conserved gene files
writing conserved gene files
writing conserved gene files
writing conserved gene files
writing conserved gene files
writing conserved gene files
writing conserved gene files
writing conserved gene files
writing conserved gene files
writing conserved gene files
writing conserved gene files
writing conserved gene files
writing conserved gene files
writing conserved gene files
writing conserved gene files
writing conserved gene files
writing conserved gene files
writing conserved gene files
writing conserved gene files
writing conserved gene files
writing conserved gene files
writing conserved gene files
writing conserved gene files
writing conserved gene files
writing conserved gene files
writing conserved gene files
writing conserved gene files
writing conserved gene files
writing conserved gene files
writing conserved gene files
writing conserved gene files
writing conserved gene files
writing conserved gene files
writing conserved gene files
writing conserved gene files
writing conserved gene files
writing conserved gene files
writing conserved gene files
writing conserved gene files
writing conserved gene files
writing conserved gene files
writing conserved gene files
writing conserved gene files
writing conserved gene files
writing conserved gene files
writing conserved gene files
writing conserved gene files
writing conserved gene files
writing conserved gene files
writing conserved gene files
writing conserved gene files
writing conserved gene files
writing conserved gene files
writing conserved gene files
writing conserved gene files
writing conserved gene files
writing conserved gene files
writing conserved gene files
writing conserved gene files
writing conserved gene files
writing conserved gene files
writing conserved gene files
writing conserved gene files
writing conserved gene files
writing conserved gene files
writing conserved gene files
writing conserved gene files
writing conserved gene files
writing conserved gene files
writing conserved gene files
writing conserved gene files
writing conserved gene files
writing conserved gene files
writing conserved gene files
writing conserved gene files
writing conserved gene files
writing conserved gene files
writing conserved gene files
writing conserved gene files
writing conserved gene files
writing conserved gene files
writing conserved gene files
writing conserved gene files
writing conserved gene files
writing conserved gene files
writing conserved gene files
writing conserved gene files
writing conserved gene files
writing conserved gene files
writing conserved gene files
writing conserved gene files
writing conserved gene files
writing conserved gene files
writing conserved gene files
writing conserved gene files
writing conserved gene files
writing conserved gene files
writing conserved gene files
writing conserved gene files
writing conserved gene files
writing conserved gene files
writing conserved gene files
writing conserved gene files
writing conserved gene files
writing conserved gene files
writing conserved gene files
writing conserved gene files
writing conserved gene files
writing conserved gene files
writing conserved gene files
writing conserved gene files
writing conserved gene files
writing conserved gene files
writing conserved gene files
writing conserved gene files
writing conserved gene files
writing conserved gene files
writing conserved gene files
writing conserved gene files
writing conserved gene files
writing conserved gene files
writing conserved gene files
writing conserved gene files
writing conserved gene files
writing conserved gene files
writing conserved gene files
writing conserved gene files
writing conserved gene files
writing conserved gene files
writing conserved gene files
writing conserved gene files
writing conserved gene files
writing conserved gene files
writing conserved gene files
writing conserved gene files
writing conserved gene files
writing conserved gene files
writing conserved gene files
writing conserved gene files
writing conserved gene files
writing conserved gene files
writing conserved gene files
writing conserved gene files
writing conserved gene files
writing conserved gene files
writing conserved gene files
writing conserved gene files
writing conserved gene files
writing conserved gene files
writing conserved gene files
writing conserved gene files
writing conserved gene files
writing conserved gene files
writing conserved gene files
writing conserved gene files
writing conserved gene files
writing conserved gene files
writing conserved gene files
writing conserved gene files
writing conserved gene files
writing conserved gene files
writing conserved gene files
writing conserved gene files
writing conserved gene files
writing conserved gene files
writing conserved gene files
writing conserved gene files
writing conserved gene files
writing conserved gene files
writing conserved gene files
writing conserved gene files
writing conserved gene files
writing conserved gene files
writing conserved gene files
writing conserved gene files
writing conserved gene files
writing conserved gene files
writing conserved gene files
writing conserved gene files
writing conserved gene files
writing conserved gene files
writing conserved gene files
writing conserved gene files
writing conserved gene files
writing conserved gene files
writing conserved gene files
writing conserved gene files
writing conserved gene files
writing conserved gene files
writing conserved gene files
writing conserved gene files
writing conserved gene files
writing conserved gene files
writing conserved gene files
writing conserved gene files
writing conserved gene files
writing conserved gene files
writing conserved gene files
writing conserved gene files
writing conserved gene files
writing conserved gene files
writing conserved gene files
writing conserved gene files
writing conserved gene files
writing conserved gene files
writing conserved gene files
writing conserved gene files
writing conserved gene files
writing conserved gene files
writing conserved gene files
writing conserved gene files
writing conserved gene files
writing conserved gene files
writing conserved gene files
writing conserved gene files
writing conserved gene files
writing conserved gene files
writing conserved gene files
writing conserved gene files
writing conserved gene files
writing conserved gene files
writing conserved gene files
writing conserved gene files
writing conserved gene files
writing conserved gene files
writing conserved gene files
writing conserved gene files
writing conserved gene files
writing conserved gene files
writing conserved gene files
writing conserved gene files
writing conserved gene files
writing conserved gene files
writing conserved gene files
writing conserved gene files
writing conserved gene files
writing conserved gene files
writing conserved gene files
writing conserved gene files
writing conserved gene files
writing conserved gene files
writing conserved gene files
writing conserved gene files
writing conserved gene files
writing conserved gene files
writing conserved gene files
writing conserved gene files
writing conserved gene files
writing conserved gene files
writing conserved gene files
writing conserved gene files
writing conserved gene files
writing conserved gene files
writing conserved gene files
writing conserved gene files
writing conserved gene files
writing conserved gene files
writing conserved gene files
writing conserved gene files
writing conserved gene files
writing conserved gene files
writing conserved gene files
writing conserved gene files
writing conserved gene files
writing conserved gene files
writing conserved gene files
writing conserved gene files
writing conserved gene files
writing conserved gene files
writing conserved gene files
writing conserved gene files
writing conserved gene files
writing conserved gene files
writing conserved gene files
writing conserved gene files
writing conserved gene files
writing conserved gene files
writing conserved gene files
writing conserved gene files
writing conserved gene files
writing conserved gene files
writing conserved gene files
writing conserved gene files
writing conserved gene files
writing conserved gene files
writing conserved gene files
writing conserved gene files
writing conserved gene files
writing conserved gene files
writing conserved gene files
writing conserved gene files
writing conserved gene files
writing conserved gene files
writing conserved gene files
writing conserved gene files
writing conserved gene files
writing conserved gene files
writing conserved gene files
writing conserved gene files
writing conserved gene files
writing conserved gene files
writing conserved gene files
writing conserved gene files
writing conserved gene files
writing conserved gene files
writing conserved gene files
writing conserved gene files
writing conserved gene files
writing conserved gene files
writing conserved gene files
writing conserved gene files
writing conserved gene files
writing conserved gene files
writing conserved gene files
writing conserved gene files
writing conserved gene files
writing conserved gene files
writing conserved gene files
writing conserved gene files
writing conserved gene files
writing conserved gene files
writing conserved gene files
writing conserved gene files
writing conserved gene files
writing conserved gene files
writing conserved gene files
writing conserved gene files
writing conserved gene files
writing conserved gene files
writing conserved gene files
writing conserved gene files
writing conserved gene files
writing conserved gene files
writing conserved gene files
writing conserved gene files
writing conserved gene files
writing conserved gene files
writing conserved gene files
writing conserved gene files
writing conserved gene files
writing conserved gene files
writing conserved gene files
writing conserved gene files
writing conserved gene files
writing conserved gene files
writing conserved gene files
writing conserved gene files
writing conserved gene files
writing conserved gene files
writing conserved gene files
writing conserved gene files
writing conserved gene files
writing conserved gene files
writing conserved gene files
writing conserved gene files
writing conserved gene files
writing conserved gene files
writing conserved gene files
writing conserved gene files
writing conserved gene files
writing conserved gene files
writing conserved gene files
writing conserved gene files
writing conserved gene files
writing conserved gene files
writing conserved gene files
writing conserved gene files
writing conserved gene files
writing conserved gene files
writing conserved gene files
writing conserved gene files
writing conserved gene files
writing conserved gene files
writing conserved gene files
writing conserved gene files
writing conserved gene files
writing conserved gene files
writing conserved gene files
writing conserved gene files
writing conserved gene files
writing conserved gene files
writing conserved gene files
writing conserved gene files
writing conserved gene files
writing conserved gene files
writing conserved gene files
writing conserved gene files
writing conserved gene files
writing conserved gene files
writing conserved gene files
writing conserved gene files
writing conserved gene files
writing conserved gene files
writing conserved gene files
writing conserved gene files
writing conserved gene files
writing conserved gene files
writing conserved gene files
writing conserved gene files
writing conserved gene files
writing conserved gene files
writing conserved gene files
writing conserved gene files
writing conserved gene files
writing conserved gene files
writing conserved gene files
writing conserved gene files
writing conserved gene files
writing conserved gene files
writing conserved gene files
writing conserved gene files
writing conserved gene files
writing conserved gene files
writing conserved gene files
writing conserved gene files
writing conserved gene files
writing conserved gene files
writing conserved gene files
writing conserved gene files
writing conserved gene files
writing conserved gene files
writing conserved gene files
writing conserved gene files
writing conserved gene files
writing conserved gene files
writing conserved gene files
writing conserved gene files
writing conserved gene files
writing conserved gene files
writing conserved gene files
writing conserved gene files
writing conserved gene files
writing conserved gene files
writing conserved gene files
writing conserved gene files
writing conserved gene files
writing conserved gene files
writing conserved gene files
writing conserved gene files
writing conserved gene files
writing conserved gene files
writing conserved gene files
writing conserved gene files
writing conserved gene files
writing conserved gene files
writing conserved gene files
writing conserved gene files
writing conserved gene files
writing conserved gene files
writing conserved gene files
writing conserved gene files
writing conserved gene files
writing conserved gene files
writing conserved gene files
writing conserved gene files
writing conserved gene files
writing conserved gene files
writing conserved gene files
writing conserved gene files
writing conserved gene files
writing conserved gene files
No of core genes=1188
 process over
LateX pdf succesfuly created
